C:\DOCUMENTS AND SETTINGS\PAVEL.DE-M6700\DESKTOP\LUNA\LUNAXP_STUDIO_1.00\LUNAXP_STUDIO_1.00\RELEASE\BITMAPENGINE.OBJ
C:\DOCUMENTS AND SETTINGS\PAVEL.DE-M6700\DESKTOP\LUNA\LUNAXP_STUDIO_1.00\LUNAXP_STUDIO_1.00\RELEASE\LUNADARKDEMO.EXE
C:\DOCUMENTS AND SETTINGS\PAVEL.DE-M6700\DESKTOP\LUNA\LUNAXP_STUDIO_1.00\LUNAXP_STUDIO_1.00\RELEASE\LUNADARKDEMO.EXE.INTERMEDIATE.MANIFEST
C:\DOCUMENTS AND SETTINGS\PAVEL.DE-M6700\DESKTOP\LUNA\LUNAXP_STUDIO_1.00\LUNAXP_STUDIO_1.00\RELEASE\LUNADARKDEMO.OBJ
C:\DOCUMENTS AND SETTINGS\PAVEL.DE-M6700\DESKTOP\LUNA\LUNAXP_STUDIO_1.00\LUNAXP_STUDIO_1.00\RELEASE\LUNADARKMODE.DLL
C:\DOCUMENTS AND SETTINGS\PAVEL.DE-M6700\DESKTOP\LUNA\LUNAXP_STUDIO_1.00\LUNAXP_STUDIO_1.00\RELEASE\LUNADARKMODE.DLL.INTERMEDIATE.MANIFEST
C:\Documents and Settings\Pavel.DE-M6700\Desktop\LUNA\LunaXP_Studio_1.00\LunaXP_Studio_1.00\Release\LunaDarkMode.exp
C:\Documents and Settings\Pavel.DE-M6700\Desktop\LUNA\LunaXP_Studio_1.00\LunaXP_Studio_1.00\Release\LunaDarkMode.lib
C:\DOCUMENTS AND SETTINGS\PAVEL.DE-M6700\DESKTOP\LUNA\LUNAXP_STUDIO_1.00\LUNAXP_STUDIO_1.00\RELEASE\LUNADARKMODE.OBJ
C:\DOCUMENTS AND SETTINGS\PAVEL.DE-M6700\DESKTOP\LUNA\LUNAXP_STUDIO_1.00\LUNAXP_STUDIO_1.00\RELEASE\LUNAINI.OBJ
C:\DOCUMENTS AND SETTINGS\PAVEL.DE-M6700\DESKTOP\LUNA\LUNAXP_STUDIO_1.00\LUNAXP_STUDIO_1.00\RELEASE\LUNAMAPPER.OBJ
C:\DOCUMENTS AND SETTINGS\PAVEL.DE-M6700\DESKTOP\LUNA\LUNAXP_STUDIO_1.00\LUNAXP_STUDIO_1.00\RELEASE\LUNASCHEMA.OBJ
C:\DOCUMENTS AND SETTINGS\PAVEL.DE-M6700\DESKTOP\LUNA\LUNAXP_STUDIO_1.00\LUNAXP_STUDIO_1.00\RELEASE\LUNAXPSTUDIO.EXE
C:\DOCUMENTS AND SETTINGS\PAVEL.DE-M6700\DESKTOP\LUNA\LUNAXP_STUDIO_1.00\LUNAXP_STUDIO_1.00\RELEASE\LUNAXPSTUDIO.EXE.INTERMEDIATE.MANIFEST
C:\DOCUMENTS AND SETTINGS\PAVEL.DE-M6700\DESKTOP\LUNA\LUNAXP_STUDIO_1.00\LUNAXP_STUDIO_1.00\RELEASE\LUNAXPSTUDIO.RES
C:\DOCUMENTS AND SETTINGS\PAVEL.DE-M6700\DESKTOP\LUNA\LUNAXP_STUDIO_1.00\LUNAXP_STUDIO_1.00\RELEASE\LUNAXPSTUDIOMAIN.OBJ
C:\DOCUMENTS AND SETTINGS\PAVEL.DE-M6700\DESKTOP\LUNA\LUNAXP_STUDIO_1.00\LUNAXP_STUDIO_1.00\RELEASE\RESOURCEPROBE.OBJ
C:\DOCUMENTS AND SETTINGS\PAVEL.DE-M6700\DESKTOP\LUNA\LUNAXP_STUDIO_1.00\LUNAXP_STUDIO_1.00\RELEASE\RESOURCEUPDATER.OBJ
C:\DOCUMENTS AND SETTINGS\PAVEL.DE-M6700\DESKTOP\LUNA\LUNAXP_STUDIO_1.00\LUNAXP_STUDIO_1.00\RELEASE\THEMEGENERATOR.OBJ
C:\DOCUMENTS AND SETTINGS\PAVEL.DE-M6700\DESKTOP\LUNA\LUNAXP_STUDIO_1.00\LUNAXP_STUDIO_1.00\RELEASE\VC100.PDB
G:\GIT\LunaXP_Studio\Release\BitmapEngine.obj
G:\GIT\LunaXP_Studio\Release\cl.command.1.tlog
G:\GIT\LunaXP_Studio\Release\CL.read.1.tlog
G:\GIT\LunaXP_Studio\Release\CL.write.1.tlog
G:\GIT\LunaXP_Studio\Release\link.command.1.tlog
G:\GIT\LunaXP_Studio\Release\link.read.1.tlog
G:\GIT\LunaXP_Studio\Release\link.write.1.tlog
G:\GIT\LunaXP_Studio\Release\link-cvtres.read.1.tlog
G:\GIT\LunaXP_Studio\Release\link-cvtres.write.1.tlog
G:\GIT\LunaXP_Studio\Release\LunaDarkDemo.exe.intermediate.manifest
G:\GIT\LunaXP_Studio\Release\LunaDarkDemo.obj
G:\GIT\LunaXP_Studio\Release\LunaDarkMode.dll.intermediate.manifest
G:\GIT\LunaXP_Studio\Release\LunaDarkMode.exp
G:\GIT\LunaXP_Studio\Release\LunaDarkMode.obj
G:\GIT\LunaXP_Studio\Release\LunaDarkMode.write.1.tlog
G:\GIT\LunaXP_Studio\Release\LunaIni.obj
G:\GIT\LunaXP_Studio\Release\LunaMapper.obj
G:\GIT\LunaXP_Studio\Release\LunaSchema.obj
G:\GIT\LunaXP_Studio\Release\LunaXPStudio.exe
G:\GIT\LunaXP_Studio\Release\LunaXPStudio.exe.intermediate.manifest
G:\GIT\LunaXP_Studio\Release\LunaXPStudio.res
G:\GIT\LunaXP_Studio\Release\LunaXPStudioMain.obj
G:\GIT\LunaXP_Studio\Release\mt.command.1.tlog
G:\GIT\LunaXP_Studio\Release\mt.read.1.tlog
G:\GIT\LunaXP_Studio\Release\mt.write.1.tlog
G:\GIT\LunaXP_Studio\Release\rc.command.1.tlog
G:\GIT\LunaXP_Studio\Release\rc.read.1.tlog
G:\GIT\LunaXP_Studio\Release\rc.write.1.tlog
G:\GIT\LunaXP_Studio\Release\ResourceProbe.obj
G:\GIT\LunaXP_Studio\Release\ResourceUpdater.obj
G:\GIT\LunaXP_Studio\Release\ThemeGenerator.obj
G:\GIT\LunaXP_Studio\Release\vc100.pdb
