Build started 2026/09/11 01:19:30 AM.
     1>Project "G:\GIT\LunaXP_Studio\LunaXPStudio.vcxproj" on node 3 (rebuild target(s)).
     1>Building with tools version "4.0".
     1>Target "_CheckForInvalidConfigurationAndPlatform" in file "C:\WINDOWS\Microsoft.NET\Framework\v4.0.30319\Microsoft.Common.Targets" from project "G:\GIT\LunaXP_Studio\LunaXPStudio.vcxproj" (entry point):
       Task "Error" skipped, due to false condition; ( '$(_InvalidConfigurationError)' == 'true' ) was evaluated as ( '' == 'true' ).
       Task "Warning" skipped, due to false condition; ( '$(_InvalidConfigurationWarning)' == 'true' ) was evaluated as ( '' == 'true' ).
       Using "Message" task from assembly "Microsoft.Build.Tasks.v4.0, Version=4.0.0.0, Culture=neutral, PublicKeyToken=b03f5f7f11d50a3a".
       Task "Message"
         Configuration=Release
       Done executing task "Message".
       Task "Message"
         Platform=Win32
       Done executing task "Message".
       Task "Error" skipped, due to false condition; ('$(OutDir)' != '' and !HasTrailingSlash('$(OutDir)')) was evaluated as ('G:\GIT\LunaXP_Studio\Release\' != '' and !HasTrailingSlash('G:\GIT\LunaXP_Studio\Release\')).
       Task "Error" skipped, due to false condition; ('$(BaseIntermediateOutputPath)' != '' and !HasTrailingSlash('$(BaseIntermediateOutputPath)')) was evaluated as ('obj\' != '' and !HasTrailingSlash('obj\')).
       Task "Error" skipped, due to false condition; ('$(IntermediateOutputPath)' != '' and !HasTrailingSlash('$(IntermediateOutputPath)')) was evaluated as ('Release\' != '' and !HasTrailingSlash('Release\')).
     1>Done building target "_CheckForInvalidConfigurationAndPlatform" in project "LunaXPStudio.vcxproj".
     1>Target "_DetermineManagedStateFromCL" in file "C:\Program Files (x86)\MSBuild\Microsoft.Cpp\v4.0\Microsoft.CppBuild.targets" from project "G:\GIT\LunaXP_Studio\LunaXPStudio.vcxproj" (target "Rebuild" depends on it):
     1>Done building target "_DetermineManagedStateFromCL" in project "LunaXPStudio.vcxproj".
     1>Target "_PrepareForRebuild" in file "C:\Program Files (x86)\MSBuild\Microsoft.Cpp\v4.0\Microsoft.BuildSteps.Targets" from project "G:\GIT\LunaXP_Studio\LunaXPStudio.vcxproj" (target "Rebuild" depends on it):
     1>Done building target "_PrepareForRebuild" in project "LunaXPStudio.vcxproj".
     1>Target "BeforeRebuild" in file "C:\WINDOWS\Microsoft.NET\Framework\v4.0.30319\Microsoft.Common.Targets" from project "G:\GIT\LunaXP_Studio\LunaXPStudio.vcxproj" (target "Rebuild" depends on it):
     1>Done building target "BeforeRebuild" in project "LunaXPStudio.vcxproj".
     1>Target "_PrepareForClean" in file "C:\Program Files (x86)\MSBuild\Microsoft.Cpp\v4.0\Microsoft.BuildSteps.Targets" from project "G:\GIT\LunaXP_Studio\LunaXPStudio.vcxproj" (target "Clean" depends on it):
       Using "Delete" task from assembly "Microsoft.Build.Tasks.v4.0, Version=4.0.0.0, Culture=neutral, PublicKeyToken=b03f5f7f11d50a3a".
       Task "Delete"
         Deleting file "Release\LunaXPStudio.lastbuildstate".
       Done executing task "Delete".
     1>Done building target "_PrepareForClean" in project "LunaXPStudio.vcxproj".
     1>Target "BeforeClean" in file "C:\WINDOWS\Microsoft.NET\Framework\v4.0.30319\Microsoft.Common.Targets" from project "G:\GIT\LunaXP_Studio\LunaXPStudio.vcxproj" (target "Clean" depends on it):
     1>Done building target "BeforeClean" in project "LunaXPStudio.vcxproj".
       Target "UnmanagedUnregistration" skipped, due to false condition; ((('$(_AssemblyTimestampBeforeCompile)' != '$(_AssemblyTimestampAfterCompile)' or '$(RegisterForComInterop)' != 'true' or '$(OutputType)' != 'library') or
                           ('$(_AssemblyTimestampBeforeCompile)' == '')) and
                          Exists('@(_UnmanagedRegistrationCache)')) was evaluated as ((('' != '' or '' != 'true' or 'exe' != 'library') or
                           ('' == '')) and
                          Exists('obj\LunaXPStudio.vcxproj.UnmanagedRegistration.cache')).
     1>Target "CoreClean" in file "C:\WINDOWS\Microsoft.NET\Framework\v4.0.30319\Microsoft.Common.Targets" from project "G:\GIT\LunaXP_Studio\LunaXPStudio.vcxproj" (target "Clean" depends on it):
       Task "Delete"
       Done executing task "Delete".
       Using "ReadLinesFromFile" task from assembly "Microsoft.Build.Tasks.v4.0, Version=4.0.0.0, Culture=neutral, PublicKeyToken=b03f5f7f11d50a3a".
       Task "ReadLinesFromFile"
       Done executing task "ReadLinesFromFile".
       Using "FindUnderPath" task from assembly "Microsoft.Build.Tasks.v4.0, Version=4.0.0.0, Culture=neutral, PublicKeyToken=b03f5f7f11d50a3a".
       Task "FindUnderPath"
         Comparison path is "G:\GIT\LunaXP_Studio\Release\".
       Done executing task "FindUnderPath".
       Task "FindUnderPath"
         Comparison path is "Release\".
       Done executing task "FindUnderPath".
       Task "Delete"
       Done executing task "Delete".
       Using "RemoveDuplicates" task from assembly "Microsoft.Build.Tasks.v4.0, Version=4.0.0.0, Culture=neutral, PublicKeyToken=b03f5f7f11d50a3a".
       Task "RemoveDuplicates"
       Done executing task "RemoveDuplicates".
       Using "MakeDir" task from assembly "Microsoft.Build.Tasks.v4.0, Version=4.0.0.0, Culture=neutral, PublicKeyToken=b03f5f7f11d50a3a".
       Task "MakeDir"
       Done executing task "MakeDir".
       Using "WriteLinesToFile" task from assembly "Microsoft.Build.Tasks.v4.0, Version=4.0.0.0, Culture=neutral, PublicKeyToken=b03f5f7f11d50a3a".
       Task "WriteLinesToFile"
       Done executing task "WriteLinesToFile".
     1>Done building target "CoreClean" in project "LunaXPStudio.vcxproj".
       Target "AssignProjectConfiguration" skipped, due to false condition; ('@(ProjectReference)'!='') was evaluated as (''!='').
     1>Target "_SplitProjectReferencesByFileExistence" in file "C:\WINDOWS\Microsoft.NET\Framework\v4.0.30319\Microsoft.Common.Targets" from project "G:\GIT\LunaXP_Studio\LunaXPStudio.vcxproj" (target "CleanReferencedProjects" depends on it):
       Task "ResolveNonMSBuildProjectOutput" skipped, due to false condition; ('$(BuildingInsideVisualStudio)'=='true' and '@(ProjectReferenceWithConfiguration)'!='') was evaluated as ('true'=='true' and ''!='').
     1>Done building target "_SplitProjectReferencesByFileExistence" in project "LunaXPStudio.vcxproj".
     1>Target "CleanReferencedProjects" in file "C:\WINDOWS\Microsoft.NET\Framework\v4.0.30319\Microsoft.Common.Targets" from project "G:\GIT\LunaXP_Studio\LunaXPStudio.vcxproj" (target "Clean" depends on it):
       Task "MSBuild" skipped, due to false condition; ('$(BuildingInsideVisualStudio)' != 'true' and '$(BuildProjectReferences)' == 'true' and '@(_MSBuildProjectReferenceExistent)' != '') was evaluated as ('true' != 'true' and 'true' == 'true' and '' != '').
     1>Done building target "CleanReferencedProjects" in project "LunaXPStudio.vcxproj".
     1>Target "CleanPublishFolder" in file "C:\WINDOWS\Microsoft.NET\Framework\v4.0.30319\Microsoft.Common.Targets" from project "G:\GIT\LunaXP_Studio\LunaXPStudio.vcxproj" (target "Clean" depends on it):
       Task "RemoveDir" skipped, due to false condition; ('$(PublishDir)'=='$(OutputPath)app.publish\' and Exists('$(PublishDir)')) was evaluated as ('G:\GIT\LunaXP_Studio\Release\app.publish\'=='G:\GIT\LunaXP_Studio\Release\app.publish\' and Exists('G:\GIT\LunaXP_Studio\Release\app.publish\')).
     1>Done building target "CleanPublishFolder" in project "LunaXPStudio.vcxproj".
     1>Target "AfterClean" in file "C:\WINDOWS\Microsoft.NET\Framework\v4.0.30319\Microsoft.Common.Targets" from project "G:\GIT\LunaXP_Studio\LunaXPStudio.vcxproj" (target "Clean" depends on it):
     1>Done building target "AfterClean" in project "LunaXPStudio.vcxproj".
       Target "EntityClean" skipped, due to false condition; ('@(EntityDeploy)' != '') was evaluated as ('' != '').
     1>Target "BeforeCppClean" in file "C:\Program Files (x86)\MSBuild\Microsoft.Cpp\v4.0\Microsoft.CppClean.targets" from project "G:\GIT\LunaXP_Studio\LunaXPStudio.vcxproj" (target "CppClean" depends on it):
     1>Done building target "BeforeCppClean" in project "LunaXPStudio.vcxproj".
     1>Target "CoreCppClean" in file "C:\Program Files (x86)\MSBuild\Microsoft.Cpp\v4.0\Microsoft.CppClean.targets" from project "G:\GIT\LunaXP_Studio\LunaXPStudio.vcxproj" (target "CppClean" depends on it):
       Task "MakeDir"
       Done executing task "MakeDir".
       Using "CppClean" task from assembly "Microsoft.Build.CppTasks.Common, Version=4.0.0.0, Culture=neutral, PublicKeyToken=b03f5f7f11d50a3a".
       Task "CppClean"
     1>C:\Program Files (x86)\MSBuild\Microsoft.Cpp\v4.0\Microsoft.CppClean.targets(74,5): warning : Access to the path 'C:\DOCUMENTS AND SETTINGS\PAVEL.DE-M6700\DESKTOP\LUNA\LUNAXP_STUDIO_1.00\LUNAXP_STUDIO_1.00\RELEASE\LUNADARKDEMO.EXE' is denied.
     1>C:\Program Files (x86)\MSBuild\Microsoft.Cpp\v4.0\Microsoft.CppClean.targets(74,5): warning : Access to the path 'C:\DOCUMENTS AND SETTINGS\PAVEL.DE-M6700\DESKTOP\LUNA\LUNAXP_STUDIO_1.00\LUNAXP_STUDIO_1.00\RELEASE\LUNADARKMODE.DLL' is denied.
     1>C:\Program Files (x86)\MSBuild\Microsoft.Cpp\v4.0\Microsoft.CppClean.targets(74,5): warning : Access to the path 'G:\GIT\LunaXP_Studio\Release\LunaMapper.obj' is denied.
       Done executing task "CppClean".
       Task "WriteLinesToFile"
       Done executing task "WriteLinesToFile".
     1>Done building target "CoreCppClean" in project "LunaXPStudio.vcxproj".
     1>Target "AfterCppClean" in file "C:\Program Files (x86)\MSBuild\Microsoft.Cpp\v4.0\Microsoft.CppClean.targets" from project "G:\GIT\LunaXP_Studio\LunaXPStudio.vcxproj" (target "CppClean" depends on it):
     1>Done building target "AfterCppClean" in project "LunaXPStudio.vcxproj".
     1>Target "PGInstrumentedClean" in file "C:\Program Files (x86)\MSBuild\Microsoft.Cpp\v4.0\Microsoft.CppClean.targets" from project "G:\GIT\LunaXP_Studio\LunaXPStudio.vcxproj" (target "CppClean" depends on it):
       Task "Delete"
       Done executing task "Delete".
     1>Done building target "PGInstrumentedClean" in project "LunaXPStudio.vcxproj".
     1>Target "CppClean" in file "C:\Program Files (x86)\MSBuild\Microsoft.Cpp\v4.0\Microsoft.CppClean.targets" from project "G:\GIT\LunaXP_Studio\LunaXPStudio.vcxproj" (target "Clean" depends on it):
     1>Done building target "CppClean" in project "LunaXPStudio.vcxproj".
     1>Target "Clean" in file "C:\WINDOWS\Microsoft.NET\Framework\v4.0.30319\Microsoft.Common.Targets" from project "G:\GIT\LunaXP_Studio\LunaXPStudio.vcxproj" (target "Rebuild" depends on it):
     1>Done building target "Clean" in project "LunaXPStudio.vcxproj".
       Target "_DetermineManagedStateFromCL" skipped. Previously built successfully.
     1>Target "_PrepareForBuild" in file "C:\Program Files (x86)\MSBuild\Microsoft.Cpp\v4.0\Microsoft.BuildSteps.Targets" from project "G:\GIT\LunaXP_Studio\LunaXPStudio.vcxproj" (target "Build" depends on it):
     1>Done building target "_PrepareForBuild" in project "LunaXPStudio.vcxproj".
     1>Target "SetBuildDefaultEnvironmentVariables" in file "C:\Program Files (x86)\MSBuild\Microsoft.Cpp\v4.0\Microsoft.Cpp.targets" from project "G:\GIT\LunaXP_Studio\LunaXPStudio.vcxproj" (target "Build" depends on it):
       Using "SetEnv" task from assembly "Microsoft.Build.CppTasks.Common, Version=4.0.0.0, Culture=neutral, PublicKeyToken=b03f5f7f11d50a3a".
       Task "SetEnv"
         PATH=C:\Program Files (x86)\Microsoft Visual Studio 10.0\VC\bin;C:\Program Files (x86)\Microsoft SDKs\Windows\v7.0A\bin\NETFX 4.0 Tools;C:\Program Files (x86)\Microsoft SDKs\Windows\v7.0A\bin;C:\Program Files (x86)\Microsoft Visual Studio 10.0\Common7\Tools\bin;C:\Program Files (x86)\Microsoft Visual Studio 10.0\Common7\tools;C:\Program Files (x86)\Microsoft Visual Studio 10.0\Common7\ide;C:\Program Files (x86)\HTML Help Workshop;C:\Program Files (x86)\Microsoft SDKs\Windows\v7.0A\\bin;C:\WINDOWS\Microsoft.NET\Framework\v4.0.30319\;C:\Program Files (x86)\Microsoft Visual Studio 10.0\;C:\WINDOWS\SysWow64;;C:\Program Files\NVIDIA GPU Computing Toolkit\CUDA\v6.0\bin;C:\Program Files\NVIDIA GPU Computing Toolkit\CUDA\v6.0\libnvvp;C:\Program Files\Python27\;C:\Program Files\Python27\Scripts;C:\Program Files (x86)\Borland\Delphi7\Bin;C:\Program Files (x86)\Borland\Delphi7\Projects\Bpl\;C:\Program Files\Python34\;C:\Program Files\Python34\Scripts;C:\Documents and Settings\All Users\Application Data\Oracle\Java\javapath;C:\Program Files (x86)\NVIDIA Corporation\PhysX\Common;C:\WINDOWS\system32;C:\WINDOWS;C:\WINDOWS\System32\Wbem;C:\Program Files\Intel\WiFi\bin\;C:\Program Files (x86)\Microsoft SQL Server\100\Tools\Binn\;C: \Program Files\Microsoft SQL Server\100\Tools\Binn\;C:\Program Files\Microsoft SQL Server\100\DTS\Binn\;C:\Program Files (x86)\Microsoft SQL Server\80\Tools\BINN;C:\inetpub\GRADLE\gradle-7.4.2\bin;C:\Program Files\FFMPEG 4.2.1;C:\Program Files (x86)\Gammu 1.42.0\bin;C:\WINDOWS\system32\WindowsPowerShell\v1.0;C:\Program Files\VirtualDub-1.10.4;C:\Program Files\MPLAYER;C:\MPlayer-corei7-r38407+g10a56363a7\MPlayer-corei7-r38407+g10a56363a7\mplayer;C:\Program Files (x86)\Microsoft Visual Studio 10.0\VC\bin\amd64;C:\Program Files (x86)\Microsoft Visual Studio 10.0\VC\bin;C:\Program Files\Java\jdk1.8.0_131\bin;C:\Program Files (x86)\GnuWin32\bin;C:\Program Files\MPX;C:\Program Files (x86)\PuTTY\;C:\Program Files\Git\cmd;C:\Program Files (x86)\OPENSSL;C:\Program Files\DiX;
       Done executing task "SetEnv".
       Task "SetEnv" skipped, due to false condition; ('$(_IsNativeEnvironment)' == 'true') was evaluated as ('' == 'true').
       Task "SetEnv"
         LIB=C:\Program Files (x86)\Microsoft Visual Studio 10.0\VC\lib;C:\Program Files (x86)\Microsoft Visual Studio 10.0\VC\atlmfc\lib;C:\Program Files (x86)\Microsoft SDKs\Windows\v7.0A\lib;C:\Program Files (x86)\Microsoft SDKs\Windows\v7.0A\\lib
       Done executing task "SetEnv".
       Task "SetEnv"
         LIBPATH=C:\Program Files (x86)\Microsoft Visual Studio 10.0\VC\atlmfc\lib;C:\Program Files (x86)\Microsoft Visual Studio 10.0\VC\lib
       Done executing task "SetEnv".
       Task "SetEnv"
         INCLUDE=C:\Program Files (x86)\Microsoft Visual Studio 10.0\VC\include;C:\Program Files (x86)\Microsoft Visual Studio 10.0\VC\atlmfc\include;C:\Program Files (x86)\Microsoft SDKs\Windows\v7.0A\include;C:\Program Files (x86)\Microsoft SDKs\Windows\v7.0A\\include;
       Done executing task "SetEnv".
     1>Done building target "SetBuildDefaultEnvironmentVariables" in project "LunaXPStudio.vcxproj".
       Target "SetUserMacroEnvironmentVariables" skipped, due to false condition; ('@(BuildMacro)' != '') was evaluated as ('' != '').
     1>Target "BeforeResolveReferences" in file "C:\WINDOWS\Microsoft.NET\Framework\v4.0.30319\Microsoft.Common.Targets" from project "G:\GIT\LunaXP_Studio\LunaXPStudio.vcxproj" (target "ResolveReferences" depends on it):
     1>Done building target "BeforeResolveReferences" in project "LunaXPStudio.vcxproj".
       Target "AssignProjectConfiguration" skipped, due to false condition; ('@(ProjectReference)'!='') was evaluated as (''!='').
       Target "AssignProjectConfiguration" skipped, due to false condition; ('@(ProjectReference)'!='') was evaluated as (''!='').
       Target "_SplitProjectReferencesByFileExistence" skipped. Previously built successfully.
       Target "_RemoveNameMetadataFromProjectReferenceItems" skipped, due to false condition; ('@(ProjectReference)'!='') was evaluated as (''!='').
     1>Target "ResolveProjectReferences" in file "C:\WINDOWS\Microsoft.NET\Framework\v4.0.30319\Microsoft.Common.Targets" from project "G:\GIT\LunaXP_Studio\LunaXPStudio.vcxproj" (target "ResolveReferences" depends on it):
       Task "MSBuild" skipped, due to false condition; ('%(_MSBuildProjectReferenceExistent.BuildReference)' == 'true' and '@(ProjectReferenceWithConfiguration)' != '' and ('$(BuildingInsideVisualStudio)' == 'true' or '$(BuildProjectReferences)' != 'true') and '@(_MSBuildProjectReferenceExistent)' != '') was evaluated as ('' == 'true' and '' != '' and ('true' == 'true' or 'true' != 'true') and '' != '').
       Task "MSBuild" skipped, due to false condition; ('%(_MSBuildProjectReferenceExistent.BuildReference)' == 'true' and '@(ProjectReferenceWithConfiguration)' != '' and '$(BuildingInsideVisualStudio)' != 'true' and '$(BuildProjectReferences)' == 'true' and '@(_MSBuildProjectReferenceExistent)' != '') was evaluated as ('' == 'true' and '' != '' and 'true' != 'true' and 'true' == 'true' and '' != '').
       Task "MSBuild" skipped, due to false condition; ('%(_MSBuildProjectReferenceExistent.BuildReference)' == 'true' and '@(ProjectReferenceWithConfiguration)' != '' and '$(BuildingProject)' == 'true' and '@(_MSBuildProjectReferenceExistent)' != '') was evaluated as ('' == 'true' and '' != '' and 'true' == 'true' and '' != '').
       Task "Warning" skipped, due to false condition; ('@(ProjectReferenceWithConfiguration)' != '' and '@(_MSBuildProjectReferenceNonexistent)' != '') was evaluated as ('' != '' and '' != '').
     1>Done building target "ResolveProjectReferences" in project "LunaXPStudio.vcxproj".
       Target "ResolveNativeReferences" skipped, due to false condition; ('@(NativeReference)'!='') was evaluated as (''!='').
       Target "ResolveAssemblyReferences" skipped, due to false condition; ('@(Reference)'!='' or '@(_ResolvedProjectReferencePaths)'!='' or '@(_ExplicitReference)' != '') was evaluated as (''!='' or ''!='' or '' != '').
       Target "ResolveComReferences" skipped, due to false condition; ('@(COMReference)'!='' or '@(COMFileReference)'!='') was evaluated as (''!='' or ''!='').
     1>Target "AfterResolveReferences" in file "C:\WINDOWS\Microsoft.NET\Framework\v4.0.30319\Microsoft.Common.Targets" from project "G:\GIT\LunaXP_Studio\LunaXPStudio.vcxproj" (target "ResolveReferences" depends on it):
     1>Done building target "AfterResolveReferences" in project "LunaXPStudio.vcxproj".
       Target "ResolveTestReferences" skipped, due to false condition; ('@(Shadow)'!='') was evaluated as (''!='').
     1>Target "ResolveReferences" in file "C:\WINDOWS\Microsoft.NET\Framework\v4.0.30319\Microsoft.Common.Targets" from project "G:\GIT\LunaXP_Studio\LunaXPStudio.vcxproj" (target "Build" depends on it):
     1>Done building target "ResolveReferences" in project "LunaXPStudio.vcxproj".
     1>Target "PlatformPrepareForBuild" in file "C:\Program Files (x86)\MSBuild\Microsoft.Cpp\v4.0\Platforms\Win32\Microsoft.Cpp.Win32.Targets" from project "G:\GIT\LunaXP_Studio\LunaXPStudio.vcxproj" (target "PrepareForBuild" depends on it):
       Task "VCMessage" skipped, due to false condition; (!(exists('$(VCTargetsPath)\Platforms\Win32\PlatformToolsets\$(PlatformToolset)\Microsoft.Cpp.Win32.$(PlatformToolset).targets'))) was evaluated as (!(exists('C:\Program Files (x86)\MSBuild\Microsoft.Cpp\v4.0\\Platforms\Win32\PlatformToolsets\v100\Microsoft.Cpp.Win32.v100.targets'))).
     1>Done building target "PlatformPrepareForBuild" in project "LunaXPStudio.vcxproj".
     1>Target "GetFrameworkPaths" in file "C:\WINDOWS\Microsoft.NET\Framework\v4.0.30319\Microsoft.NETFramework.targets" from project "G:\GIT\LunaXP_Studio\LunaXPStudio.vcxproj" (target "PrepareForBuild" depends on it):
     1>Done building target "GetFrameworkPaths" in project "LunaXPStudio.vcxproj".
       Target "GetWinFXPath" skipped, due to false condition; (('@(Page)' != '' or '@(ApplicationDefinition)' != '' or '@(Resource)' != '') and ('$(GetWinFXNativePath)' != '' or '$(GetWinFXWoWPath)' != '' )) was evaluated as (('' != '' or '' != '' or '' != '') and ('' != '' or '' != '' )).
     1>Target "GetReferenceAssemblyPaths" in file "C:\WINDOWS\Microsoft.NET\Framework\v4.0.30319\Microsoft.Common.Targets" from project "G:\GIT\LunaXP_Studio\LunaXPStudio.vcxproj" (target "PrepareForBuild" depends on it):
       Task "GetReferenceAssemblyPaths" skipped, due to false condition; ('$(TargetFrameworkMoniker)' != '' and ('$(_TargetFrameworkDirectories)' == '' or '$(_FullFrameworkReferenceAssemblyPaths)' == '')) was evaluated as ('.NETFramework,Version=v4.0' != '' and ('C:\Program Files (x86)\Reference Assemblies\Microsoft\Framework\.NETFramework\v4.0' == '' or 'C:\Program Files (x86)\Reference Assemblies\Microsoft\Framework\.NETFramework\v4.0' == '')).
     1>Done building target "GetReferenceAssemblyPaths" in project "LunaXPStudio.vcxproj".
     1>Target "PrepareForBuild" in file "C:\Program Files (x86)\MSBuild\Microsoft.Cpp\v4.0\Microsoft.CppBuild.targets" from project "G:\GIT\LunaXP_Studio\LunaXPStudio.vcxproj" (target "Build" depends on it):
       Task "VCMessage" skipped, due to false condition; ('$(DesignTimeBuild)'!='true' and '$(ConfigurationPlatformExists)' != 'true') was evaluated as (''!='true' and 'true' != 'true').
       Task "MakeDir"
       Done executing task "MakeDir".
       Task "VCMessage" skipped, due to false condition; ('$(DesignTimeBuild)'!='true' and '$(VCInstallDir)'=='' and '$(UseEnv)' != 'true' and ($(TargetFrameworkVersion)=='v3.5' or $(TargetFrameworkVersion)=='v3.0' or $(TargetFrameworkVersion)=='v2.0' )) was evaluated as (''!='true' and 'C:\Program Files (x86)\Microsoft Visual Studio 10.0\VC\'=='' and '' != 'true' and (v4.0=='v3.5' or v4.0=='v3.0' or v4.0=='v2.0' )).
       Task "VCMessage" skipped, due to false condition; ('$(DesignTimeBuild)'!='true' and '$(VCInstallDir)'=='' and '$(UseEnv)' != 'true' and '$(PlatformToolset)'=='v90') was evaluated as (''!='true' and 'C:\Program Files (x86)\Microsoft Visual Studio 10.0\VC\'=='' and '' != 'true' and 'v100'=='v90').
       Task "VCMessage" skipped, due to false condition; ('$(VCInstallDir)'=='' and '$(UseEnv)' != 'true') was evaluated as ('C:\Program Files (x86)\Microsoft Visual Studio 10.0\VC\'=='' and '' != 'true').
       Task "VCMessage" skipped, due to false condition; ('$(WindowsSDKDir)'=='' and '$(UseEnv)' != 'true') was evaluated as ('C:\Program Files (x86)\Microsoft SDKs\Windows\v7.0A\'=='' and '' != 'true').
       Task "VCMessage" skipped, due to false condition; ('$(IntDirTrailingSlashWarning)'=='true') was evaluated as (''=='true').
       Task "VCMessage" skipped, due to false condition; ('$(OutDirTrailingSlashWarning)'=='true') was evaluated as (''=='true').
       Task "MakeDir"
       Done executing task "MakeDir".
     1>Done building target "PrepareForBuild" in project "LunaXPStudio.vcxproj".
       Target "PrepareForBuild" skipped. Previously built successfully.
     1>Target "InitializeBuildStatus" in file "C:\Program Files (x86)\MSBuild\Microsoft.Cpp\v4.0\Microsoft.CppBuild.targets" from project "G:\GIT\LunaXP_Studio\LunaXPStudio.vcxproj" (target "Build" depends on it):
       Task "ReadLinesFromFile"
       Done executing task "ReadLinesFromFile".
       Task "WriteLinesToFile"
       Done executing task "WriteLinesToFile".
       Using "Touch" task from assembly "Microsoft.Build.Tasks.v4.0, Version=4.0.0.0, Culture=neutral, PublicKeyToken=b03f5f7f11d50a3a".
       Task "Touch"
         Creating "Release\LunaXPStudio.unsuccessfulbuild" because "AlwaysCreate" was specified.
       Done executing task "Touch".
     1>Done building target "InitializeBuildStatus" in project "LunaXPStudio.vcxproj".
       Target "AssignProjectConfiguration" skipped, due to false condition; ('@(ProjectReference)'!='') was evaluated as (''!='').
       Target "_SplitProjectReferencesByFileExistence" skipped. Previously built successfully.
     1>Target "BuildGenerateSourcesTraverse" in file "C:\WINDOWS\Microsoft.NET\Framework\v4.0.30319\Microsoft.Common.Targets" from project "G:\GIT\LunaXP_Studio\LunaXPStudio.vcxproj" (target "BuildGenerateSources" depends on it):
       Task "MSBuild" skipped, due to false condition; ('$(BuildPassReferences)' == 'true' and '@(ProjectReferenceWithConfiguration)' != '' and '@(_MSBuildProjectReferenceExistent)' != '' and '%(_MSBuildProjectReferenceExistent.BuildReference)' == 'true') was evaluated as ('' == 'true' and '' != '' and '' != '' and '' == 'true').
     1>Done building target "BuildGenerateSourcesTraverse" in project "LunaXPStudio.vcxproj".
       Target "SetBuildDefaultEnvironmentVariables" skipped. Previously built successfully.
       Target "SetUserMacroEnvironmentVariables" skipped, due to false condition; ('@(BuildMacro)' != '') was evaluated as ('' != '').
       Target "PrepareForBuild" skipped. Previously built successfully.
       Target "ResolveReferences" skipped. Previously built successfully.
     1>Target "BeforeBuildGenerateSources" in file "C:\Program Files (x86)\MSBuild\Microsoft.Cpp\v4.0\Microsoft.BuildSteps.Targets" from project "G:\GIT\LunaXP_Studio\LunaXPStudio.vcxproj" (target "BuildGenerateSources" depends on it):
     1>Done building target "BeforeBuildGenerateSources" in project "LunaXPStudio.vcxproj".
     1>Target "PreBuildEvent" in file "C:\Program Files (x86)\MSBuild\Microsoft.Cpp\v4.0\Microsoft.CppCommon.targets" from project "G:\GIT\LunaXP_Studio\LunaXPStudio.vcxproj" (target "BuildGenerateSources" depends on it):
       Task "Message" skipped, due to false condition; ('%(PreBuildEvent.Message)' != '' and '%(PreBuildEvent.Command)' != '') was evaluated as ('' != '' and '' != '').
       Task "Exec" skipped, due to false condition; ('%(PreBuildEvent.Command)' != '') was evaluated as ('' != '').
     1>Done building target "PreBuildEvent" in project "LunaXPStudio.vcxproj".
       Target "CustomBuild" skipped, due to false condition; ('@(CustomBuild)' != '') was evaluated as ('' != '').
     1>Target "_GenerateXMLData" in file "C:\Program Files (x86)\MSBuild\Microsoft.Cpp\v4.0\Microsoft.CppBuild.targets" from project "G:\GIT\LunaXP_Studio\LunaXPStudio.vcxproj" (target "BuildGenerateSources" depends on it):
     1>Done building target "_GenerateXMLData" in project "LunaXPStudio.vcxproj".
     1>Target "_GenerateWebServiceProxy" in file "C:\Program Files (x86)\MSBuild\Microsoft.Cpp\v4.0\Microsoft.CppBuild.targets" from project "G:\GIT\LunaXP_Studio\LunaXPStudio.vcxproj" (target "BuildGenerateSources" depends on it):
     1>Done building target "_GenerateWebServiceProxy" in project "LunaXPStudio.vcxproj".
       Target "Xsd" skipped, due to false condition; ('@(Xsd)' != '') was evaluated as ('' != '').
     1>Target "_Xsd" in file "C:\Program Files (x86)\MSBuild\Microsoft.Cpp\v4.0\Microsoft.CppBuild.targets" from project "G:\GIT\LunaXP_Studio\LunaXPStudio.vcxproj" (target "BuildGenerateSources" depends on it):
     1>Done building target "_Xsd" in project "LunaXPStudio.vcxproj".
     1>Target "MakeDirsForMidl" in file "C:\Program Files (x86)\MSBuild\Microsoft.Cpp\v4.0\Microsoft.CppBuild.targets" from project "G:\GIT\LunaXP_Studio\LunaXPStudio.vcxproj" (target "_Midl" depends on it):
       Task "Makedir"
       Done executing task "Makedir".
     1>Done building target "MakeDirsForMidl" in project "LunaXPStudio.vcxproj".
       Target "Midl" skipped, due to false condition; ('@(Midl)' != '') was evaluated as ('' != '').
       Target "CustomBuild" skipped, due to false condition; ('@(CustomBuild)' != '') was evaluated as ('' != '').
     1>Target "ComputeMIDLGeneratedCompileInputs" in file "C:\Program Files (x86)\MSBuild\Microsoft.Cpp\v4.0\Microsoft.CppBuild.targets" from project "G:\GIT\LunaXP_Studio\LunaXPStudio.vcxproj" (target "_Midl" depends on it):
     1>Done building target "ComputeMIDLGeneratedCompileInputs" in project "LunaXPStudio.vcxproj".
     1>Target "AfterMidl" in file "C:\Program Files (x86)\MSBuild\Microsoft.Cpp\v4.0\Microsoft.CppBuild.targets" from project "G:\GIT\LunaXP_Studio\LunaXPStudio.vcxproj" (target "_Midl" depends on it):
     1>Done building target "AfterMidl" in project "LunaXPStudio.vcxproj".
     1>Target "_Midl" in file "C:\Program Files (x86)\MSBuild\Microsoft.Cpp\v4.0\Microsoft.CppBuild.targets" from project "G:\GIT\LunaXP_Studio\LunaXPStudio.vcxproj" (target "BuildGenerateSources" depends on it):
     1>Done building target "_Midl" in project "LunaXPStudio.vcxproj".
     1>Target "AfterBuildGenerateSources" in file "C:\Program Files (x86)\MSBuild\Microsoft.Cpp\v4.0\Microsoft.BuildSteps.Targets" from project "G:\GIT\LunaXP_Studio\LunaXPStudio.vcxproj" (target "BuildGenerateSources" depends on it):
     1>Done building target "AfterBuildGenerateSources" in project "LunaXPStudio.vcxproj".
     1>Target "AfterBuildGenerateSourcesEvent" in file "C:\Program Files (x86)\MSBuild\Microsoft.Cpp\v4.0\Microsoft.CppBuild.targets" from project "G:\GIT\LunaXP_Studio\LunaXPStudio.vcxproj" (target "BuildGenerateSources" depends on it):
     1>Done building target "AfterBuildGenerateSourcesEvent" in project "LunaXPStudio.vcxproj".
     1>Target "BuildGenerateSources" in file "C:\WINDOWS\Microsoft.NET\Framework\v4.0.30319\Microsoft.Common.Targets" from project "G:\GIT\LunaXP_Studio\LunaXPStudio.vcxproj" (target "Build" depends on it):
     1>Done building target "BuildGenerateSources" in project "LunaXPStudio.vcxproj".
       Target "AssignProjectConfiguration" skipped, due to false condition; ('@(ProjectReference)'!='') was evaluated as (''!='').
       Target "_SplitProjectReferencesByFileExistence" skipped. Previously built successfully.
     1>Target "BuildCompileTraverse" in file "C:\WINDOWS\Microsoft.NET\Framework\v4.0.30319\Microsoft.Common.Targets" from project "G:\GIT\LunaXP_Studio\LunaXPStudio.vcxproj" (target "BuildCompile" depends on it):
       Task "MSBuild" skipped, due to false condition; ('$(BuildPassReferences)' == 'true' and '@(ProjectReferenceWithConfiguration)' != '' and '@(_MSBuildProjectReferenceExistent)' != ''  and '%(_MSBuildProjectReferenceExistent.BuildReference)' == 'true') was evaluated as ('' == 'true' and '' != '' and '' != ''  and '' == 'true').
     1>Done building target "BuildCompileTraverse" in project "LunaXPStudio.vcxproj".
       Target "SetBuildDefaultEnvironmentVariables" skipped. Previously built successfully.
       Target "SetUserMacroEnvironmentVariables" skipped, due to false condition; ('@(BuildMacro)' != '') was evaluated as ('' != '').
       Target "PrepareForBuild" skipped. Previously built successfully.
       Target "ResolveReferences" skipped. Previously built successfully.
     1>Target "BeforeClCompile" in file "C:\Program Files (x86)\MSBuild\Microsoft.Cpp\v4.0\Microsoft.CppBuild.targets" from project "G:\GIT\LunaXP_Studio\LunaXPStudio.vcxproj" (target "_ClCompile" depends on it):
     1>Done building target "BeforeClCompile" in project "LunaXPStudio.vcxproj".
       Target "ComputeMIDLGeneratedCompileInputs" skipped. Previously built successfully.
     1>Target "ComputeCLInputPDBName" in file "C:\Program Files (x86)\MSBuild\Microsoft.Cpp\v4.0\Microsoft.CppBuild.targets" from project "G:\GIT\LunaXP_Studio\LunaXPStudio.vcxproj" (target "_ClCompile" depends on it):
     1>Done building target "ComputeCLInputPDBName" in project "LunaXPStudio.vcxproj".
       Target "ResolveReferences" skipped. Previously built successfully.
     1>Target "ComputeReferenceCLInput" in file "C:\Program Files (x86)\MSBuild\Microsoft.Cpp\v4.0\Microsoft.CppBuild.targets" from project "G:\GIT\LunaXP_Studio\LunaXPStudio.vcxproj" (target "_ClCompile" depends on it):
       Task "WriteLinesToFile" skipped, due to false condition; (('@(ProjectReference)'!='' or '@(Reference)'!='')) was evaluated as ((''!='' or ''!='')).
       Task "Message" skipped, due to false condition; ('$(_REFERENCE_DEBUG)'=='true' and '%(ClCompile.CompileAsManaged)' != 'false' and '%(ClCompile.CompileAsManaged)' != '') was evaluated as (''=='true' and '' != 'false' and '' != '').
     1>Done building target "ComputeReferenceCLInput" in project "LunaXPStudio.vcxproj".
     1>Target "MakeDirsForCl" in file "C:\Program Files (x86)\MSBuild\Microsoft.Cpp\v4.0\Microsoft.CppBuild.targets" from project "G:\GIT\LunaXP_Studio\LunaXPStudio.vcxproj" (target "_ClCompile" depends on it):
       Task "MakeDir"
       Done executing task "MakeDir".
     1>Done building target "MakeDirsForCl" in project "LunaXPStudio.vcxproj".
       Target "PrepareForBuild" skipped. Previously built successfully.
       Target "SetBuildDefaultEnvironmentVariables" skipped. Previously built successfully.
       Target "SetUserMacroEnvironmentVariables" skipped, due to false condition; ('@(BuildMacro)' != '') was evaluated as ('' != '').
     1>Target "_SelectedFiles" in file "C:\Program Files (x86)\MSBuild\Microsoft.Cpp\v4.0\Microsoft.CppBuild.targets" from project "G:\GIT\LunaXP_Studio\LunaXPStudio.vcxproj" (target "SelectClCompile" depends on it):
     1>Done building target "_SelectedFiles" in project "LunaXPStudio.vcxproj".
       Target "ComputeMIDLGeneratedCompileInputs" skipped. Previously built successfully.
       Target "ComputeCLInputPDBName" skipped. Previously built successfully.
       Target "ComputeReferenceCLInput" skipped. Previously built successfully.
       Target "_SelectedFiles" skipped. Previously built successfully.
     1>Target "SelectCustomBuild" in file "C:\Program Files (x86)\MSBuild\Microsoft.Cpp\v4.0\Microsoft.CppBuild.targets" from project "G:\GIT\LunaXP_Studio\LunaXPStudio.vcxproj" (target "SelectClCompile" depends on it):
     1>Done building target "SelectCustomBuild" in project "LunaXPStudio.vcxproj".
     1>Target "SelectClCompile" in file "C:\Program Files (x86)\MSBuild\Microsoft.Cpp\v4.0\Microsoft.CppBuild.targets" from project "G:\GIT\LunaXP_Studio\LunaXPStudio.vcxproj" (target "ClCompile" depends on it):
     1>Done building target "SelectClCompile" in project "LunaXPStudio.vcxproj".
       Target "GenerateTargetFrameworkMonikerAttribute" skipped, due to false condition; ('$(GenerateTargetFrameworkAttribute)' == 'true') was evaluated as ('false' == 'true').
     1>Target "ClCompile" in file "C:\Program Files (x86)\MSBuild\Microsoft.Cpp\v4.0\Platforms\Win32\Microsoft.Cpp.Win32.Targets" from project "G:\GIT\LunaXP_Studio\LunaXPStudio.vcxproj" (target "_ClCompile" depends on it):
       Task "Delete"
       Done executing task "Delete".
       Task "CL" skipped, due to false condition; ('%(ClCompile.PrecompiledHeader)' == 'Create' and '%(ClCompile.ExcludedFromBuild)'!='true') was evaluated as ('NotUsing' == 'Create' and ''!='true').
       Using "CL" task from assembly "Microsoft.Build.CppTasks.Win32, Version=4.0.0.0, Culture=neutral, PublicKeyToken=b03f5f7f11d50a3a".
       Task "CL"
         Environment Variables passed to tool:
           VS_UNICODE_OUTPUT=1496
         C:\Program Files (x86)\Microsoft Visual Studio 10.0\VC\bin\CL.exe /c /Zi /nologo /W4 /WX- /O2 /Oi /Oy- /GL /D WIN32 /D NDEBUG /D UNICODE /D _UNICODE /D _WIN32_WINNT=0x0501 /D _UNICODE /D UNICODE /Gm- /EHsc /MT /GS /Gy /fp:precise /Zc:wchar_t /Zc:forScope /Fo"Release\\" /Fd"Release\vc100.pdb" /Gd /TP /analyze- /errorReport:prompt src\LunaXPStudioMain.cpp src\ThemeGenerator.cpp src\ResourceProbe.cpp src\LunaIni.cpp src\LunaMapper.cpp src\LunaSchema.cpp src\BitmapEngine.cpp src\ResourceUpdater.cpp
         Tracking command:
         C:\Program Files (x86)\Microsoft SDKs\Windows\v7.0A\bin\NETFX 4.0 Tools\Tracker.exe /d C:\WINDOWS\Microsoft.NET\Framework\v4.0.30319\FileTracker.dll /i G:\GIT\LunaXP_Studio\Release /r "G:\GIT\LUNAXP_STUDIO\SRC\BITMAPENGINE.CPP|G:\GIT\LUNAXP_STUDIO\SRC\LUNAINI.CPP|G:\GIT\LUNAXP_STUDIO\SRC\LUNAMAPPER.CPP|G:\GIT\LUNAXP_STUDIO\SRC\LUNASCHEMA.CPP|G:\GIT\LUNAXP_STUDIO\SRC\LUNAXPSTUDIOMAIN.CPP|G:\GIT\LUNAXP_STUDIO\SRC\RESOURCEPROBE.CPP|G:\GIT\LUNAXP_STUDIO\SRC\RESOURCEUPDATER.CPP|G:\GIT\LUNAXP_STUDIO\SRC\THEMEGENERATOR.CPP" /b MSBuildConsole_CancelEvent6c86d8486a904dd6851e3d4e324791ff  /c "C:\Program Files (x86)\Microsoft Visual Studio 10.0\VC\bin\CL.exe"  /c /Zi /nologo /W4 /WX- /O2 /Oi /Oy- /GL /D WIN32 /D NDEBUG /D UNICODE /D _UNICODE /D _WIN32_WINNT=0x0501 /D _UNICODE /D UNICODE /Gm- /EHsc /MT /GS /Gy /fp:precise /Zc:wchar_t /Zc:forScope /Fo"Release\\" /Fd"Release\vc100.pdb" /Gd /TP /analyze- /errorReport:prompt src\LunaXPStudioMain.cpp src\ThemeGenerator.cpp src\ResourceProbe.cpp src\LunaIni.cpp src\LunaMapper.cpp src\LunaSchema.cpp src\BitmapEngine.cpp src\ResourceUpdater.cpp
         LunaXPStudioMain.cpp
         ThemeGenerator.cpp
         ResourceProbe.cpp
         LunaIni.cpp
         LunaMapper.cpp
         LunaSchema.cpp
         BitmapEngine.cpp
         ResourceUpdater.cpp
       Done executing task "CL".
     1>Done building target "ClCompile" in project "LunaXPStudio.vcxproj".
     1>Target "AfterClCompile" in file "C:\Program Files (x86)\MSBuild\Microsoft.Cpp\v4.0\Microsoft.CppBuild.targets" from project "G:\GIT\LunaXP_Studio\LunaXPStudio.vcxproj" (target "_ClCompile" depends on it):
     1>Done building target "AfterClCompile" in project "LunaXPStudio.vcxproj".
     1>Target "_ClCompile" in file "C:\Program Files (x86)\MSBuild\Microsoft.Cpp\v4.0\Microsoft.CppBuild.targets" from project "G:\GIT\LunaXP_Studio\LunaXPStudio.vcxproj" (target "BuildCompile" depends on it):
     1>Done building target "_ClCompile" in project "LunaXPStudio.vcxproj".
       Target "_ResGen" skipped, due to false condition; ('@(EmbeddedResource)'!='') was evaluated as (''!='').
     1>Target "BeforeResourceCompile" in file "C:\Program Files (x86)\MSBuild\Microsoft.Cpp\v4.0\Microsoft.CppBuild.targets" from project "G:\GIT\LunaXP_Studio\LunaXPStudio.vcxproj" (target "_ResourceCompile" depends on it):
     1>Done building target "BeforeResourceCompile" in project "LunaXPStudio.vcxproj".
     1>Target "MakeDirsForResourceCompile" in file "C:\Program Files (x86)\MSBuild\Microsoft.Cpp\v4.0\Microsoft.CppBuild.targets" from project "G:\GIT\LunaXP_Studio\LunaXPStudio.vcxproj" (target "_ResourceCompile" depends on it):
       Task "MakeDir"
       Done executing task "MakeDir".
     1>Done building target "MakeDirsForResourceCompile" in project "LunaXPStudio.vcxproj".
       Target "_SelectedFiles" skipped. Previously built successfully.
       Target "SelectCustomBuild" skipped. Previously built successfully.
     1>Target "SelectResourceCompile" in file "C:\Program Files (x86)\MSBuild\Microsoft.Cpp\v4.0\Microsoft.CppBuild.targets" from project "G:\GIT\LunaXP_Studio\LunaXPStudio.vcxproj" (target "ResourceCompile" depends on it):
     1>Done building target "SelectResourceCompile" in project "LunaXPStudio.vcxproj".
     1>Target "ResourceCompile" in file "C:\Program Files (x86)\MSBuild\Microsoft.Cpp\v4.0\Microsoft.CppCommon.targets" from project "G:\GIT\LunaXP_Studio\LunaXPStudio.vcxproj" (target "_ResourceCompile" depends on it):
       Using "RC" task from assembly "Microsoft.Build.CppTasks.Common, Version=4.0.0.0, Culture=neutral, PublicKeyToken=b03f5f7f11d50a3a".
       Task "RC"
         C:\Program Files (x86)\Microsoft SDKs\Windows\v7.0A\bin\rc.exe /D _UNICODE /D UNICODE /l"0x0409" /nologo /fo"Release\LunaXPStudio.res" LunaXPStudio.rc 
         Tracking command:
         C:\Program Files (x86)\Microsoft SDKs\Windows\v7.0A\bin\NETFX 4.0 Tools\Tracker.exe /d C:\WINDOWS\Microsoft.NET\Framework\v4.0.30319\FileTracker.dll /i G:\GIT\LunaXP_Studio\Release /r G:\GIT\LUNAXP_STUDIO\LUNAXPSTUDIO.RC /b MSBuildConsole_CancelEventfa76658cd2bf4b5189f25caeee5c53d8  /c "C:\Program Files (x86)\Microsoft SDKs\Windows\v7.0A\bin\rc.exe"  /D _UNICODE /D UNICODE /l"0x0409" /nologo /fo"Release\LunaXPStudio.res" LunaXPStudio.rc 
       Done executing task "RC".
     1>Done building target "ResourceCompile" in project "LunaXPStudio.vcxproj".
     1>Target "AfterResourceCompile" in file "C:\Program Files (x86)\MSBuild\Microsoft.Cpp\v4.0\Microsoft.CppBuild.targets" from project "G:\GIT\LunaXP_Studio\LunaXPStudio.vcxproj" (target "_ResourceCompile" depends on it):
     1>Done building target "AfterResourceCompile" in project "LunaXPStudio.vcxproj".
     1>Target "_ResourceCompile" in file "C:\Program Files (x86)\MSBuild\Microsoft.Cpp\v4.0\Microsoft.CppBuild.targets" from project "G:\GIT\LunaXP_Studio\LunaXPStudio.vcxproj" (target "BuildCompile" depends on it):
     1>Done building target "_ResourceCompile" in project "LunaXPStudio.vcxproj".
       Target "_ImpLib" skipped, due to false condition; ('$(ImpLibCompiled)' == 'true') was evaluated as ('' == 'true').
       Target "_Lib" skipped, due to false condition; ('$(LibCompiled)' == 'true') was evaluated as ('' == 'true').
     1>Target "AfterBuildCompileEvent" in file "C:\Program Files (x86)\MSBuild\Microsoft.Cpp\v4.0\Microsoft.CppBuild.targets" from project "G:\GIT\LunaXP_Studio\LunaXPStudio.vcxproj" (target "BuildCompile" depends on it):
     1>Done building target "AfterBuildCompileEvent" in project "LunaXPStudio.vcxproj".
     1>Target "BuildCompile" in file "C:\WINDOWS\Microsoft.NET\Framework\v4.0.30319\Microsoft.Common.Targets" from project "G:\GIT\LunaXP_Studio\LunaXPStudio.vcxproj" (target "Build" depends on it):
     1>Done building target "BuildCompile" in project "LunaXPStudio.vcxproj".
       Target "AssignProjectConfiguration" skipped, due to false condition; ('@(ProjectReference)'!='') was evaluated as (''!='').
       Target "_SplitProjectReferencesByFileExistence" skipped. Previously built successfully.
     1>Target "BuildLinkTraverse" in file "C:\WINDOWS\Microsoft.NET\Framework\v4.0.30319\Microsoft.Common.Targets" from project "G:\GIT\LunaXP_Studio\LunaXPStudio.vcxproj" (target "BuildLink" depends on it):
       Task "MSBuild" skipped, due to false condition; ('$(BuildPassReferences)' == 'true' and '@(ProjectReferenceWithConfiguration)' != '' and '@(_MSBuildProjectReferenceExistent)' != ''  and '%(_MSBuildProjectReferenceExistent.BuildReference)' == 'true') was evaluated as ('' == 'true' and '' != '' and '' != ''  and '' == 'true').
     1>Done building target "BuildLinkTraverse" in project "LunaXPStudio.vcxproj".
       Target "SetBuildDefaultEnvironmentVariables" skipped. Previously built successfully.
       Target "SetUserMacroEnvironmentVariables" skipped, due to false condition; ('@(BuildMacro)' != '') was evaluated as ('' != '').
       Target "PrepareForBuild" skipped. Previously built successfully.
       Target "ResolveReferences" skipped. Previously built successfully.
     1>Target "BeforeLink" in file "C:\Program Files (x86)\MSBuild\Microsoft.Cpp\v4.0\Microsoft.CppBuild.targets" from project "G:\GIT\LunaXP_Studio\LunaXPStudio.vcxproj" (target "_Link" depends on it):
     1>Done building target "BeforeLink" in project "LunaXPStudio.vcxproj".
     1>Target "ComputeRCOutputs" in file "C:\Program Files (x86)\MSBuild\Microsoft.Cpp\v4.0\Microsoft.CppBuild.targets" from project "G:\GIT\LunaXP_Studio\LunaXPStudio.vcxproj" (target "ComputeRCGeneratedLinkInputs" depends on it):
     1>Done building target "ComputeRCOutputs" in project "LunaXPStudio.vcxproj".
     1>Target "ComputeRCGeneratedLinkInputs" in file "C:\Program Files (x86)\MSBuild\Microsoft.Cpp\v4.0\Microsoft.CppBuild.targets" from project "G:\GIT\LunaXP_Studio\LunaXPStudio.vcxproj" (target "_Link" depends on it):
     1>Done building target "ComputeRCGeneratedLinkInputs" in project "LunaXPStudio.vcxproj".
     1>Target "ComputeManifestGeneratedLinkerInputs" in file "C:\Program Files (x86)\MSBuild\Microsoft.Cpp\v4.0\Microsoft.CppBuild.targets" from project "G:\GIT\LunaXP_Studio\LunaXPStudio.vcxproj" (target "_Link" depends on it):
     1>Done building target "ComputeManifestGeneratedLinkerInputs" in project "LunaXPStudio.vcxproj".
     1>Target "ComputeCustomBuildOutput" in file "C:\Program Files (x86)\MSBuild\Microsoft.Cpp\v4.0\Microsoft.CppBuild.targets" from project "G:\GIT\LunaXP_Studio\LunaXPStudio.vcxproj" (target "_Link" depends on it):
       Task "MakeDir"
       Done executing task "MakeDir".
     1>Done building target "ComputeCustomBuildOutput" in project "LunaXPStudio.vcxproj".
       Target "ComputeMIDLGeneratedCompileInputs" skipped. Previously built successfully.
       Target "ComputeCLInputPDBName" skipped. Previously built successfully.
       Target "ComputeReferenceCLInput" skipped. Previously built successfully.
     1>Target "ComputeCLOutputs" in file "C:\Program Files (x86)\MSBuild\Microsoft.Cpp\v4.0\Microsoft.CppBuild.targets" from project "G:\GIT\LunaXP_Studio\LunaXPStudio.vcxproj" (target "ComputeCLGeneratedLinkInputs" depends on it):
     1>Done building target "ComputeCLOutputs" in project "LunaXPStudio.vcxproj".
     1>Target "ComputeCLGeneratedLinkInputs" in file "C:\Program Files (x86)\MSBuild\Microsoft.Cpp\v4.0\Microsoft.CppBuild.targets" from project "G:\GIT\LunaXP_Studio\LunaXPStudio.vcxproj" (target "_Link" depends on it):
     1>Done building target "ComputeCLGeneratedLinkInputs" in project "LunaXPStudio.vcxproj".
     1>Target "ComputeLinkInputsFromProject" in file "C:\Program Files (x86)\MSBuild\Microsoft.Cpp\v4.0\Microsoft.CppBuild.targets" from project "G:\GIT\LunaXP_Studio\LunaXPStudio.vcxproj" (target "_Link" depends on it):
     1>Done building target "ComputeLinkInputsFromProject" in project "LunaXPStudio.vcxproj".
       Target "ComputeReferenceLinkInputs" skipped, due to false condition; (@(ProjectReference) != '') was evaluated as ( != '').
     1>Target "ComputeManifestInputsTargets" in file "C:\Program Files (x86)\MSBuild\Microsoft.Cpp\v4.0\Microsoft.CppBuild.targets" from project "G:\GIT\LunaXP_Studio\LunaXPStudio.vcxproj" (target "_Link" depends on it):
     1>Done building target "ComputeManifestInputsTargets" in project "LunaXPStudio.vcxproj".
       Target "ManifestResourceCompile" skipped, due to false condition; ('$(EmbedManifestBy)' == 'LINK') was evaluated as ('MT' == 'LINK').
       Target "AssignWinFXEmbeddedResource" skipped, due to false condition; ('@(WinFXEmbeddedResource)' != '') was evaluated as ('' != '').
     1>Target "AssignTargetPaths" in file "C:\WINDOWS\Microsoft.NET\Framework\v4.0.30319\Microsoft.Common.Targets" from project "G:\GIT\LunaXP_Studio\LunaXPStudio.vcxproj" (target "PrepareResourceNames" depends on it):
       Using "AssignTargetPath" task from assembly "Microsoft.Build.Tasks.v4.0, Version=4.0.0.0, Culture=neutral, PublicKeyToken=b03f5f7f11d50a3a".
       Task "AssignTargetPath"
       Done executing task "AssignTargetPath".
       Task "AssignTargetPath"
       Done executing task "AssignTargetPath".
       Task "AssignTargetPath"
       Done executing task "AssignTargetPath".
       Task "AssignTargetPath"
       Done executing task "AssignTargetPath".
       Task "AssignTargetPath" skipped, due to false condition; ('@(_DeploymentBaseManifestWithTargetPath)'=='' and '%(None.Extension)'=='.manifest') was evaluated as (''=='' and '.png'=='.manifest').
       Task "AssignTargetPath" skipped, due to false condition; ('@(_DeploymentBaseManifestWithTargetPath)'=='' and '%(None.Extension)'=='.manifest') was evaluated as (''=='' and '.ico'=='.manifest').
     1>Done building target "AssignTargetPaths" in project "LunaXPStudio.vcxproj".
       Target "AssignTargetPaths" skipped. Previously built successfully.
     1>Target "SplitResourcesByCulture" in file "C:\WINDOWS\Microsoft.NET\Framework\v4.0.30319\Microsoft.Common.Targets" from project "G:\GIT\LunaXP_Studio\LunaXPStudio.vcxproj" (target "PrepareResourceNames" depends on it):
       Task "Warning" skipped, due to false condition; ('@(ResxWithNoCulture)'!='') was evaluated as (''!='').
       Task "Warning" skipped, due to false condition; ('@(ResxWithCulture)'!='') was evaluated as (''!='').
       Task "Warning" skipped, due to false condition; ('@(NonResxWithCulture)'!='') was evaluated as (''!='').
       Task "Warning" skipped, due to false condition; ('@(NonResxWithNoCulture)'!='') was evaluated as (''!='').
       Using "AssignCulture" task from assembly "Microsoft.Build.Tasks.v4.0, Version=4.0.0.0, Culture=neutral, PublicKeyToken=b03f5f7f11d50a3a".
       Task "AssignCulture"
       Done executing task "AssignCulture".
     1>Done building target "SplitResourcesByCulture" in project "LunaXPStudio.vcxproj".
       Target "CreateManifestResourceNames" skipped, due to false condition; ('@(EmbeddedResource)' != '') was evaluated as ('' != '').
     1>Target "CreateCustomManifestResourceNames" in file "C:\WINDOWS\Microsoft.NET\Framework\v4.0.30319\Microsoft.Common.Targets" from project "G:\GIT\LunaXP_Studio\LunaXPStudio.vcxproj" (target "PrepareResourceNames" depends on it):
     1>Done building target "CreateCustomManifestResourceNames" in project "LunaXPStudio.vcxproj".
     1>Target "PrepareResourceNames" in file "C:\WINDOWS\Microsoft.NET\Framework\v4.0.30319\Microsoft.Common.Targets" from project "G:\GIT\LunaXP_Studio\LunaXPStudio.vcxproj" (target "_Link" depends on it):
     1>Done building target "PrepareResourceNames" in project "LunaXPStudio.vcxproj".
     1>Target "MakeDirsForLink" in file "C:\Program Files (x86)\MSBuild\Microsoft.Cpp\v4.0\Microsoft.CppBuild.targets" from project "G:\GIT\LunaXP_Studio\LunaXPStudio.vcxproj" (target "_Link" depends on it):
       Task "MakeDir"
       Done executing task "MakeDir".
     1>Done building target "MakeDirsForLink" in project "LunaXPStudio.vcxproj".
     1>Target "DoLinkOutputFilesMatch" in file "C:\Program Files (x86)\MSBuild\Microsoft.Cpp\v4.0\Microsoft.CppBuild.targets" from project "G:\GIT\LunaXP_Studio\LunaXPStudio.vcxproj" (target "_Link" depends on it):
       Task "VCMessage" skipped, due to false condition; ('%(_OutputFileFromLink.FullPath)' != '$([System.IO.Path]::GetFullPath($(TargetPath)))') was evaluated as ('G:\GIT\LunaXP_Studio\Release\LunaXPStudio.exe' != 'G:\GIT\LunaXP_Studio\Release\LunaXPStudio.exe').
       Task "VCMessage" skipped, due to false condition; ('%(_OutputFileFromLink.Extension)' != '$(TargetExt)') was evaluated as ('.exe' != '.exe').
       Task "VCMessage" skipped, due to false condition; ('%(_OutputFileFromLink.Filename)' != '$(TargetName)') was evaluated as ('LunaXPStudio' != 'LunaXPStudio').
     1>Done building target "DoLinkOutputFilesMatch" in project "LunaXPStudio.vcxproj".
     1>Target "PreLinkEvent" in file "C:\Program Files (x86)\MSBuild\Microsoft.Cpp\v4.0\Microsoft.CppCommon.targets" from project "G:\GIT\LunaXP_Studio\LunaXPStudio.vcxproj" (target "_Link" depends on it):
       Task "Message" skipped, due to false condition; ('%(PreLinkEvent.Message)' != '' and '%(PreLinkEvent.Command)' != '') was evaluated as ('' != '' and '' != '').
       Task "Exec" skipped, due to false condition; ('%(PreLinkEvent.Command)' != '') was evaluated as ('' != '').
     1>Done building target "PreLinkEvent" in project "LunaXPStudio.vcxproj".
     1>Target "Link" in file "C:\Program Files (x86)\MSBuild\Microsoft.Cpp\v4.0\Platforms\Win32\Microsoft.Cpp.Win32.Targets" from project "G:\GIT\LunaXP_Studio\LunaXPStudio.vcxproj" (target "_Link" depends on it):
       Using "Link" task from assembly "Microsoft.Build.CppTasks.Win32, Version=4.0.0.0, Culture=neutral, PublicKeyToken=b03f5f7f11d50a3a".
       Task "Link"
         Environment Variables passed to tool:
           VS_UNICODE_OUTPUT=1496
         C:\Program Files (x86)\Microsoft Visual Studio 10.0\VC\bin\link.exe /ERRORREPORT:PROMPT /OUT:"G:\GIT\LunaXP_Studio\Release\LunaXPStudio.exe" /NOLOGO comdlg32.lib shlwapi.lib kernel32.lib user32.lib gdi32.lib winspool.lib comdlg32.lib advapi32.lib shell32.lib ole32.lib oleaut32.lib uuid.lib odbc32.lib odbccp32.lib /MANIFEST /ManifestFile:"Release\LunaXPStudio.exe.intermediate.manifest" /MANIFESTUAC:"level='asInvoker' uiAccess='false'" /PDB:"G:\GIT\LunaXP_Studio\Release\LunaXPStudio.pdb" /SUBSYSTEM:WINDOWS /OPT:REF /OPT:ICF /LTCG /TLBID:1 /DYNAMICBASE /NXCOMPAT /IMPLIB:"G:\GIT\LunaXP_Studio\Release\LunaXPStudio.lib" /MACHINE:X86 Release\LunaXPStudio.res
         Release\LunaXPStudioMain.obj
         Release\ThemeGenerator.obj
         Release\ResourceProbe.obj
         Release\LunaIni.obj
         Release\LunaMapper.obj
         Release\LunaSchema.obj
         Release\BitmapEngine.obj
         Release\ResourceUpdater.obj /SUBSYSTEM:WINDOWS,5.01 
         Tracking command:
         C:\Program Files (x86)\Microsoft SDKs\Windows\v7.0A\bin\NETFX 4.0 Tools\Tracker.exe /a /d C:\WINDOWS\Microsoft.NET\Framework\v4.0.30319\FileTracker.dll /i G:\GIT\LunaXP_Studio\Release /r "G:\GIT\LUNAXP_STUDIO\RELEASE\BITMAPENGINE.OBJ|G:\GIT\LUNAXP_STUDIO\RELEASE\LUNAINI.OBJ|G:\GIT\LUNAXP_STUDIO\RELEASE\LUNAMAPPER.OBJ|G:\GIT\LUNAXP_STUDIO\RELEASE\LUNASCHEMA.OBJ|G:\GIT\LUNAXP_STUDIO\RELEASE\LUNAXPSTUDIO.RES|G:\GIT\LUNAXP_STUDIO\RELEASE\LUNAXPSTUDIOMAIN.OBJ|G:\GIT\LUNAXP_STUDIO\RELEASE\RESOURCEPROBE.OBJ|G:\GIT\LUNAXP_STUDIO\RELEASE\RESOURCEUPDATER.OBJ|G:\GIT\LUNAXP_STUDIO\RELEASE\THEMEGENERATOR.OBJ" /b MSBuildConsole_CancelEventd0e114a9a1364c38a798e91adf92c292  /c "C:\Program Files (x86)\Microsoft Visual Studio 10.0\VC\bin\link.exe"  /ERRORREPORT:PROMPT /OUT:"G:\GIT\LunaXP_Studio\Release\LunaXPStudio.exe" /NOLOGO comdlg32.lib shlwapi.lib kernel32.lib user32.lib gdi32.lib winspool.lib comdlg32.lib advapi32.lib shell32.lib ole32.lib oleaut32.lib uuid.lib odbc32.lib odbccp32.lib /MANIFEST /ManifestFile:"Release\LunaXPStudio.exe.intermediate.manifest" /MANIFESTUAC:"level='asInvoker' uiAccess='false'" /PDB:"G:\GIT\LunaXP_Studio\Release\LunaXPStudio.pdb" /SUBSYSTEM:WINDOWS /OPT:REF /OPT:ICF /LTCG /TLBID:1 /DYNAMICBASE /NXCOMPAT /IMPLIB:"G:\GIT\LunaXP_Studio\Release\LunaXPStudio.lib" /MACHINE:X86 Release\LunaXPStudio.res
         Release\LunaXPStudioMain.obj
         Release\ThemeGenerator.obj
         Release\ResourceProbe.obj
         Release\LunaIni.obj
         Release\LunaMapper.obj
         Release\LunaSchema.obj
         Release\BitmapEngine.obj
         Release\ResourceUpdater.obj /SUBSYSTEM:WINDOWS,5.01 
         Generating code
         Finished generating code
       Done executing task "Link".
       Task "Message"
         LunaXPStudio.vcxproj -> G:\GIT\LunaXP_Studio\Release\LunaXPStudio.exe
       Done executing task "Message".
     1>Done building target "Link" in project "LunaXPStudio.vcxproj".
     1>Target "_DetermineManagedStateForLink" in file "C:\Program Files (x86)\MSBuild\Microsoft.Cpp\v4.0\Microsoft.CppBuild.targets" from project "G:\GIT\LunaXP_Studio\LunaXPStudio.vcxproj" (target "_Link" depends on it):
     1>Done building target "_DetermineManagedStateForLink" in project "LunaXPStudio.vcxproj".
     1>Target "ComputeLinkImportLibraryOutputsForClean" in file "C:\Program Files (x86)\MSBuild\Microsoft.Cpp\v4.0\Microsoft.CppBuild.targets" from project "G:\GIT\LunaXP_Studio\LunaXPStudio.vcxproj" (target "_Link" depends on it):
       Task "WriteLinesToFile" skipped, due to false condition; ('@(_LinkImportLibrary)' != '') was evaluated as ('' != '').
     1>Done building target "ComputeLinkImportLibraryOutputsForClean" in project "LunaXPStudio.vcxproj".
     1>Target "AfterLink" in file "C:\Program Files (x86)\MSBuild\Microsoft.Cpp\v4.0\Microsoft.CppBuild.targets" from project "G:\GIT\LunaXP_Studio\LunaXPStudio.vcxproj" (target "_Link" depends on it):
     1>Done building target "AfterLink" in project "LunaXPStudio.vcxproj".
     1>Target "_Link" in file "C:\Program Files (x86)\MSBuild\Microsoft.Cpp\v4.0\Microsoft.CppBuild.targets" from project "G:\GIT\LunaXP_Studio\LunaXPStudio.vcxproj" (target "BuildLink" depends on it):
     1>Done building target "_Link" in project "LunaXPStudio.vcxproj".
     1>Target "_ALink" in file "C:\Program Files (x86)\MSBuild\Microsoft.Cpp\v4.0\Microsoft.CppBuild.targets" from project "G:\GIT\LunaXP_Studio\LunaXPStudio.vcxproj" (target "BuildLink" depends on it):
     1>Done building target "_ALink" in project "LunaXPStudio.vcxproj".
       Target "ComputeManifestInputsTargets" skipped. Previously built successfully.
     1>Target "MakeDirsForManifest" in file "C:\Program Files (x86)\MSBuild\Microsoft.Cpp\v4.0\Microsoft.CppCommon.targets" from project "G:\GIT\LunaXP_Studio\LunaXPStudio.vcxproj" (target "Manifest" depends on it):
       Task "MakeDir"
       Done executing task "MakeDir".
     1>Done building target "MakeDirsForManifest" in project "LunaXPStudio.vcxproj".
     1>Target "Manifest" in file "C:\Program Files (x86)\MSBuild\Microsoft.Cpp\v4.0\Microsoft.CppCommon.targets" from project "G:\GIT\LunaXP_Studio\LunaXPStudio.vcxproj" (target "_Manifest" depends on it):
       Task "Delete" skipped, due to false condition; (('$(BuildType)' != 'Build' or '$(ForceRebuild)' == 'true') and '$(EmbedManifestby)'=='LINK') was evaluated as (('Rebuild' != 'Build' or '' == 'true') and 'MT'=='LINK').
       Using "Mt" task from assembly "Microsoft.Build.CppTasks.Common, Version=4.0.0.0, Culture=neutral, PublicKeyToken=b03f5f7f11d50a3a".
       Task "Mt"
         C:\Program Files (x86)\Microsoft SDKs\Windows\v7.0A\bin\mt.exe /nologo /verbose /outputresource:"G:\GIT\LunaXP_Studio\Release\LunaXPStudio.exe;#1" /manifest Release\LunaXPStudio.exe.intermediate.manifest
         Tracking command:
         C:\Program Files (x86)\Microsoft SDKs\Windows\v7.0A\bin\NETFX 4.0 Tools\Tracker.exe /d C:\WINDOWS\Microsoft.NET\Framework\v4.0.30319\FileTracker.dll /i G:\GIT\LunaXP_Studio\Release /r G:\GIT\LUNAXP_STUDIO\RELEASE\LUNAXPSTUDIO.EXE.INTERMEDIATE.MANIFEST /b MSBuildConsole_CancelEventc15c97b9746644d68701b4eec058aaf9  /c "C:\Program Files (x86)\Microsoft SDKs\Windows\v7.0A\bin\mt.exe"  /nologo /verbose /outputresource:"G:\GIT\LunaXP_Studio\Release\LunaXPStudio.exe;#1" /manifest Release\LunaXPStudio.exe.intermediate.manifest
       Done executing task "Mt".
       Task "RC" skipped, due to false condition; ('$(EmbedManifestby)'=='LINK') was evaluated as ('MT'=='LINK').
     1>Done building target "Manifest" in project "LunaXPStudio.vcxproj".
       Target "ComputeManifestGeneratedLinkerInputs" skipped. Previously built successfully.
     1>Target "_Manifest" in file "C:\Program Files (x86)\MSBuild\Microsoft.Cpp\v4.0\Microsoft.CppBuild.targets" from project "G:\GIT\LunaXP_Studio\LunaXPStudio.vcxproj" (target "BuildLink" depends on it):
     1>Done building target "_Manifest" in project "LunaXPStudio.vcxproj".
     1>Target "RegisterOutput" in file "C:\Program Files (x86)\MSBuild\Microsoft.Cpp\v4.0\Microsoft.CppCommon.targets" from project "G:\GIT\LunaXP_Studio\LunaXPStudio.vcxproj" (target "BuildLink" depends on it):
       Task "Exec" skipped, due to false condition; ('$(ConfigurationType)'=='DynamicLibrary' and '%(Link.RegisterOutput)'=='true' and '%(Link.PerUserRedirection)'!='true') was evaluated as ('Application'=='DynamicLibrary' and 'false'=='true' and 'false'!='true').
       Task "Exec" skipped, due to false condition; ('$(ConfigurationType)'=='DynamicLibrary' and '%(Link.RegisterOutput)'=='true' and '%(Link.PerUserRedirection)'=='true') was evaluated as ('Application'=='DynamicLibrary' and 'false'=='true' and 'false'=='true').
       Task "Exec" skipped, due to false condition; ('$(ConfigurationType)'=='Application' and '%(Link.RegisterOutput)'=='true' and '%(Link.PerUserRedirection)'!='true') was evaluated as ('Application'=='Application' and 'false'=='true' and 'false'!='true').
       Task "Exec" skipped, due to false condition; ('$(ConfigurationType)'=='Application' and '%(Link.RegisterOutput)'=='true' and '%(Link.PerUserRedirection)'=='true') was evaluated as ('Application'=='Application' and 'false'=='true' and 'false'=='true').
       Task "VCMessage" skipped, due to false condition; ('$(_RegisterOutputExitCode)' != '' and '$(_RegisterOutputExitCode)' != '0') was evaluated as ('' != '' and '' != '0').
     1>Done building target "RegisterOutput" in project "LunaXPStudio.vcxproj".
     1>Target "ComputeCLCompileGeneratedXDCFiles" in file "C:\Program Files (x86)\MSBuild\Microsoft.Cpp\v4.0\Microsoft.CppBuild.targets" from project "G:\GIT\LunaXP_Studio\LunaXPStudio.vcxproj" (target "_XdcMake" depends on it):
     1>Done building target "ComputeCLCompileGeneratedXDCFiles" in project "LunaXPStudio.vcxproj".
       Target "SetBuildDefaultEnvironmentVariables" skipped. Previously built successfully.
       Target "SetUserMacroEnvironmentVariables" skipped, due to false condition; ('@(BuildMacro)' != '') was evaluated as ('' != '').
       Target "PrepareForBuild" skipped. Previously built successfully.
       Target "ResolveReferences" skipped. Previously built successfully.
     1>Target "ResolvedXDCMake" in file "C:\Program Files (x86)\MSBuild\Microsoft.Cpp\v4.0\Microsoft.CppBuild.targets" from project "G:\GIT\LunaXP_Studio\LunaXPStudio.vcxproj" (target "_XdcMake" depends on it):
       Task "MSBuild" skipped, due to false condition; ('%(_MSBuildProjectReferenceExistent.Extension)' == '.vcxproj' and '@(ProjectReferenceWithConfiguration)' != '' and '@(_MSBuildProjectReferenceExistent)' != '' and '$(_ClCompileGenerateXMLDocumentationFiles)' == 'true') was evaluated as ('' == '.vcxproj' and '' != '' and '' != '' and '' == 'true').
     1>Done building target "ResolvedXDCMake" in project "LunaXPStudio.vcxproj".
     1>Target "MakeDirsForXdcMake" in file "C:\Program Files (x86)\MSBuild\Microsoft.Cpp\v4.0\Microsoft.CppBuild.targets" from project "G:\GIT\LunaXP_Studio\LunaXPStudio.vcxproj" (target "_XdcMake" depends on it):
       Task "MakeDir"
       Done executing task "MakeDir".
     1>Done building target "MakeDirsForXdcMake" in project "LunaXPStudio.vcxproj".
       Target "XdcMake" skipped, due to false condition; ('@(XdcMake)' != '') was evaluated as ('' != '').
     1>Target "_XdcMake" in file "C:\Program Files (x86)\MSBuild\Microsoft.Cpp\v4.0\Microsoft.CppBuild.targets" from project "G:\GIT\LunaXP_Studio\LunaXPStudio.vcxproj" (target "BuildLink" depends on it):
     1>Done building target "_XdcMake" in project "LunaXPStudio.vcxproj".
     1>Target "ComputeCLCompileGeneratedSbrFiles" in file "C:\Program Files (x86)\MSBuild\Microsoft.Cpp\v4.0\Microsoft.CppBuild.targets" from project "G:\GIT\LunaXP_Studio\LunaXPStudio.vcxproj" (target "_BscMake" depends on it):
     1>Done building target "ComputeCLCompileGeneratedSbrFiles" in project "LunaXPStudio.vcxproj".
     1>Target "MakeDirsForBscMake" in file "C:\Program Files (x86)\MSBuild\Microsoft.Cpp\v4.0\Microsoft.CppBuild.targets" from project "G:\GIT\LunaXP_Studio\LunaXPStudio.vcxproj" (target "_BscMake" depends on it):
       Task "MakeDir"
       Done executing task "MakeDir".
     1>Done building target "MakeDirsForBscMake" in project "LunaXPStudio.vcxproj".
       Target "BscMake" skipped, due to false condition; ('@(BscMake)' != '') was evaluated as ('' != '').
       Target "CustomBuildStep" skipped, due to false condition; ('@(CustomBuildStep)' != '' and '$(SelectedFiles)'=='') was evaluated as ('' != '' and ''=='').
     1>Target "_BscMake" in file "C:\Program Files (x86)\MSBuild\Microsoft.Cpp\v4.0\Microsoft.CppBuild.targets" from project "G:\GIT\LunaXP_Studio\LunaXPStudio.vcxproj" (target "BuildLink" depends on it):
     1>Done building target "_BscMake" in project "LunaXPStudio.vcxproj".
     1>Target "_GenerateSatelliteAssemblyInputs" in file "C:\WINDOWS\Microsoft.NET\Framework\v4.0.30319\Microsoft.Common.Targets" from project "G:\GIT\LunaXP_Studio\LunaXPStudio.vcxproj" (target "CreateSatelliteAssemblies" depends on it):
       Task "Warning" skipped, due to false condition; ('@(ManifestResourceWithCulture)'!='' and '%(ManifestResourceWithCulture.EmittedForCompatibilityOnly)'=='') was evaluated as (''!='' and ''=='').
       Task "Warning" skipped, due to false condition; ('@(ManifestNonResxWithCultureOnDisk)'!='' and '%(ManifestNonResxWithCultureOnDisk.EmittedForCompatibilityOnly)'=='') was evaluated as (''!='' and ''=='').
     1>Done building target "_GenerateSatelliteAssemblyInputs" in project "LunaXPStudio.vcxproj".
       Target "ComputeIntermediateSatelliteAssemblies" skipped, due to false condition; (@(ReferenceSatellitePaths->'%(DestinationSubDirectory)') != '') was evaluated as ( != '').
       Target "GenerateSatelliteAssemblies" skipped, due to false condition; ('@(_SatelliteAssemblyResourceInputs)' != '') was evaluated as ('' != '').
     1>Target "CreateSatelliteAssemblies" in file "C:\WINDOWS\Microsoft.NET\Framework\v4.0.30319\Microsoft.Common.Targets" from project "G:\GIT\LunaXP_Studio\LunaXPStudio.vcxproj" (target "BuildLink" depends on it):
     1>Done building target "CreateSatelliteAssemblies" in project "LunaXPStudio.vcxproj".
     1>Target "_Appverifier" in file "C:\Program Files (x86)\MSBuild\Microsoft.Cpp\v4.0\Microsoft.CppBuild.targets" from project "G:\GIT\LunaXP_Studio\LunaXPStudio.vcxproj" (target "BuildLink" depends on it):
     1>Done building target "_Appverifier" in project "LunaXPStudio.vcxproj".
     1>Target "_Deploy" in file "C:\Program Files (x86)\MSBuild\Microsoft.Cpp\v4.0\Microsoft.CppBuild.targets" from project "G:\GIT\LunaXP_Studio\LunaXPStudio.vcxproj" (target "BuildLink" depends on it):
     1>Done building target "_Deploy" in project "LunaXPStudio.vcxproj".
       Target "ComputeIntermediateSatelliteAssemblies" skipped, due to false condition; (@(ReferenceSatellitePaths->'%(DestinationSubDirectory)') != '') was evaluated as ( != '').
       Target "_CopyFilesMarkedCopyLocal" skipped, due to false condition; ('@(ReferenceCopyLocalPaths)' != '') was evaluated as ('' != '').
       Target "AssignTargetPaths" skipped. Previously built successfully.
       Target "_SplitProjectReferencesByFileExistence" skipped. Previously built successfully.
     1>Target "GetCopyToOutputDirectoryItems" in file "C:\WINDOWS\Microsoft.NET\Framework\v4.0.30319\Microsoft.Common.Targets" from project "G:\GIT\LunaXP_Studio\LunaXPStudio.vcxproj" (target "_CopySourceItemsToOutputDirectory" depends on it):
       Task "MSBuild" skipped, due to false condition; ('@(_MSBuildProjectReferenceExistent)' != '' and '$(_GetChildProjectCopyToOutputDirectoryItems)' == 'true' and '%(_MSBuildProjectReferenceExistent.Private)' != 'false' and '$(UseCommonOutputDirectory)' != 'true') was evaluated as ('' != '' and 'true' == 'true' and '' != 'false' and 'false' != 'true').
       Task "AssignTargetPath"
       Done executing task "AssignTargetPath".
     1>Done building target "GetCopyToOutputDirectoryItems" in project "LunaXPStudio.vcxproj".
       Target "_CopyOutOfDateSourceItemsToOutputDirectory" skipped, due to false condition; ( '@(_SourceItemsToCopyToOutputDirectory)' != '' ) was evaluated as ( '' != '' ).
       Target "_CopyOutOfDateSourceItemsToOutputDirectoryAlways" skipped, due to false condition; ( '@(_SourceItemsToCopyToOutputDirectoryAlways)' != '' ) was evaluated as ( '' != '' ).
     1>Target "_CopySourceItemsToOutputDirectory" in file "C:\WINDOWS\Microsoft.NET\Framework\v4.0.30319\Microsoft.Common.Targets" from project "G:\GIT\LunaXP_Studio\LunaXPStudio.vcxproj" (target "CopyFilesToOutputDirectory" depends on it):
     1>Done building target "_CopySourceItemsToOutputDirectory" in project "LunaXPStudio.vcxproj".
       Target "_CopyAppConfigFile" skipped, due to false condition; ( '@(AppConfigWithTargetPath)' != '' ) was evaluated as ( '' != '' ).
       Target "_CopyManifestFiles" skipped, due to false condition; ( '$(_DeploymentCopyApplicationManifest)'=='true' or '$(GenerateClickOnceManifests)'=='true' ) was evaluated as ( ''=='true' or ''=='true' ).
     1>Target "_CheckForCompileOutputs" in file "C:\WINDOWS\Microsoft.NET\Framework\v4.0.30319\Microsoft.Common.Targets" from project "G:\GIT\LunaXP_Studio\LunaXPStudio.vcxproj" (target "CopyFilesToOutputDirectory" depends on it):
     1>Done building target "_CheckForCompileOutputs" in project "LunaXPStudio.vcxproj".
       Target "_SGenCheckForOutputs" skipped, due to false condition; ('$(_SGenGenerateSerializationAssembliesConfig)' == 'On' or ('@(WebReferenceUrl)'!='' and '$(_SGenGenerateSerializationAssembliesConfig)' == 'Auto')) was evaluated as ('Auto' == 'On' or (''!='' and 'Auto' == 'Auto')).
     1>Target "CopyFilesToOutputDirectory" in file "C:\WINDOWS\Microsoft.NET\Framework\v4.0.30319\Microsoft.Common.Targets" from project "G:\GIT\LunaXP_Studio\LunaXPStudio.vcxproj" (target "BuildLink" depends on it):
       Task "Copy" skipped, due to false condition; ('$(CopyBuildOutputToOutputDirectory)' == 'true' and '$(SkipCopyBuildProduct)' != 'true') was evaluated as ('true' == 'true' and 'true' != 'true').
       Task "Message" skipped, due to false condition; ('$(SkipCopyBuildProduct)'!='true') was evaluated as ('true'!='true').
       Task "Copy" skipped, due to false condition; ('@(AddModules)' != '') was evaluated as ('' != '').
       Task "Copy" skipped, due to false condition; ('$(_SGenDllCreated)'=='true') was evaluated as ('false'=='true').
       Task "Copy" skipped, due to false condition; ('$(_DebugSymbolsProduced)'=='true' and '$(SkipCopyingSymbolsToOutputDirectory)' != 'true' and '$(CopyOutputSymbolsToOutputDirectory)'=='true') was evaluated as ('false'=='true' and '' != 'true' and 'true'=='true').
       Task "Copy" skipped, due to false condition; ('$(_DocumentationFileProduced)'=='true') was evaluated as ('false'=='true').
       Task "Copy" skipped, due to false condition; ('@(IntermediateSatelliteAssembliesWithTargetPath)' != '') was evaluated as ('' != '').
       Task "Copy" skipped, due to false condition; ('@(ReferenceComWrappersToCopyLocal)' != '' or '@(ResolvedIsolatedComModules)' != '' or '@(_DeploymentLooseManifestFile)' != '' or '@(NativeReferenceFile)' != '' ) was evaluated as ('' != '' or '' != '' or '' != '' or '' != '' ).
     1>Done building target "CopyFilesToOutputDirectory" in project "LunaXPStudio.vcxproj".
       Target "CustomBuildStep" skipped, due to false condition; ('@(CustomBuildStep)' != '' and '$(SelectedFiles)'=='') was evaluated as ('' != '' and ''=='').
     1>Target "PostBuildEvent" in file "C:\Program Files (x86)\MSBuild\Microsoft.Cpp\v4.0\Microsoft.CppCommon.targets" from project "G:\GIT\LunaXP_Studio\LunaXPStudio.vcxproj" (target "BuildLink" depends on it):
       Task "Message" skipped, due to false condition; ('%(PostBuildEvent.Message)' != '' and '%(PostBuildEvent.Command)' != '') was evaluated as ('' != '' and '' != '').
       Task "Exec" skipped, due to false condition; ('%(PostBuildEvent.Command)' != '') was evaluated as ('' != '').
     1>Done building target "PostBuildEvent" in project "LunaXPStudio.vcxproj".
     1>Target "BuildLink" in file "C:\WINDOWS\Microsoft.NET\Framework\v4.0.30319\Microsoft.Common.Targets" from project "G:\GIT\LunaXP_Studio\LunaXPStudio.vcxproj" (target "Build" depends on it):
     1>Done building target "BuildLink" in project "LunaXPStudio.vcxproj".
     1>Target "AfterBuild" in file "C:\Program Files (x86)\MSBuild\Microsoft.Cpp\v4.0\Microsoft.BuildSteps.Targets" from project "G:\GIT\LunaXP_Studio\LunaXPStudio.vcxproj" (target "Build" depends on it):
     1>Done building target "AfterBuild" in project "LunaXPStudio.vcxproj".
     1>Target "FinalizeBuildStatus" in file "C:\Program Files (x86)\MSBuild\Microsoft.Cpp\v4.0\Microsoft.CppBuild.targets" from project "G:\GIT\LunaXP_Studio\LunaXPStudio.vcxproj" (target "Build" depends on it):
       Task "Delete"
         Deleting file "Release\LunaXPStudio.unsuccessfulbuild".
       Done executing task "Delete".
       Task "Touch"
         Touching "Release\LunaXPStudio.lastbuildstate".
       Done executing task "Touch".
     1>Done building target "FinalizeBuildStatus" in project "LunaXPStudio.vcxproj".
     1>Target "Build" in file "C:\Program Files (x86)\MSBuild\Microsoft.Cpp\v4.0\Microsoft.BuildSteps.Targets" from project "G:\GIT\LunaXP_Studio\LunaXPStudio.vcxproj" (target "Rebuild" depends on it):
     1>Done building target "Build" in project "LunaXPStudio.vcxproj".
     1>Target "AfterRebuild" in file "C:\WINDOWS\Microsoft.NET\Framework\v4.0.30319\Microsoft.Common.Targets" from project "G:\GIT\LunaXP_Studio\LunaXPStudio.vcxproj" (target "Rebuild" depends on it):
     1>Done building target "AfterRebuild" in project "LunaXPStudio.vcxproj".
     1>Target "Rebuild" in file "C:\Program Files (x86)\MSBuild\Microsoft.Cpp\v4.0\Microsoft.BuildSteps.Targets" from project "G:\GIT\LunaXP_Studio\LunaXPStudio.vcxproj" (entry point):
     1>Done building target "Rebuild" in project "LunaXPStudio.vcxproj".
     1>Done Building Project "G:\GIT\LunaXP_Studio\LunaXPStudio.vcxproj" (rebuild target(s)).

Build succeeded.

Time Elapsed 00:00:11.43
